// Jest Snapshot v1, https://goo.gl/fbAQLP

exports[`Pruebas en <FirstProps />  Debe coincidir con el snapshot 1`] = `
<div>
  <h1
    data-testid="test-title"
  >
    Hello World
  </h1>
  <p />
  <p>
    Edad: 
  </p>
</div>
`;
