// Jest Snapshot v1, https://goo.gl/fbAQLP

exports[`Pruebas en <FirstProps />  Debe coincidir con el snapshot 1`] = `
<div>
  <h1>
    Hello World
  </h1>
  <p>
    No hay nombre
  </p>
  <p>
    Edad: 
    No hay subt√≠tulo
  </p>
</div>
`;
